[Publicação: caminhos locais anonimizados; registro do teste preservado.]
542 INFO: PyInstaller: 6.22.2, contrib hooks: 2026.7
542 INFO: Python: 3.10.11
566 INFO: Platform: Windows-10-10.0.19045-SP0
566 INFO: Python environment: C:\PROJETOS\Atleta\.venv-painel
568 INFO: wrote C:\PROJETOS\Atleta\laboratorio\painel\build\PainelIP.spec
576 INFO: Removing temporary files and cleaning cache in C:\Users\USUARIO\AppData\Local\pyinstaller
597 INFO: Module search paths (PYTHONPATH):
['C:\\Users\\USUARIO\\Documents\\PROJETOS 2026\\monitoramento de '
 'atleta\\laboratorio\\painel',
 'C:\\Users\\USUARIO\\AppData\\Local\\Programs\\Python\\Python310\\python310.zip',
 'C:\\Users\\USUARIO\\AppData\\Local\\Programs\\Python\\Python310\\DLLs',
 'C:\\Users\\USUARIO\\AppData\\Local\\Programs\\Python\\Python310\\lib',
 'C:\\Users\\USUARIO\\AppData\\Local\\Programs\\Python\\Python310',
 'C:\\Users\\USUARIO\\Documents\\PROJETOS 2026\\monitoramento de '
 'atleta\\.venv-painel',
 'C:\\Users\\USUARIO\\Documents\\PROJETOS 2026\\monitoramento de '
 'atleta\\.venv-painel\\lib\\site-packages',
 'C:\\Users\\USUARIO\\Documents\\PROJETOS 2026\\monitoramento de '
 'atleta\\laboratorio\\painel',
 'C:\\Users\\USUARIO\\Documents\\PROJETOS 2026\\monitoramento de '
 'atleta\\laboratorio\\tools']
1352 INFO: Appending 'datas' from .spec
1354 INFO: checking Analysis
1354 INFO: Building Analysis because Analysis-00.toc is non existent
1354 INFO: Looking for Python shared library...
1354 INFO: Using Python shared library: C:\Users\USUARIO\AppData\Local\Programs\Python\Python310\python310.dll
1355 INFO: Running Analysis Analysis-00.toc
1355 INFO: Target bytecode optimization level: 0
1355 INFO: Initializing module dependency graph...
1360 INFO: Initializing module graph hook caches...
1542 INFO: Analyzing modules for base_library.zip ...
4141 INFO: Processing standard module hook 'hook-heapq.py' from 'C:\\PROJETOS\\Atleta\\.venv-painel\\lib\\site-packages\\PyInstaller\\hooks'
4433 INFO: Processing standard module hook 'hook-encodings.py' from 'C:\\PROJETOS\\Atleta\\.venv-painel\\lib\\site-packages\\PyInstaller\\hooks'
7033 INFO: Processing standard module hook 'hook-math.py' from 'C:\\PROJETOS\\Atleta\\.venv-painel\\lib\\site-packages\\PyInstaller\\hooks'
7393 INFO: Processing standard module hook 'hook-pickle.py' from 'C:\\PROJETOS\\Atleta\\.venv-painel\\lib\\site-packages\\PyInstaller\\hooks'
12161 INFO: Caching module dependency graph...
12258 INFO: Analyzing C:\PROJETOS\Atleta\laboratorio\painel\app.py
12373 INFO: Processing standard module hook 'hook-_ctypes.py' from 'C:\\PROJETOS\\Atleta\\.venv-painel\\lib\\site-packages\\PyInstaller\\hooks'
12409 INFO: Processing pre-find-module-path hook 'hook-tkinter.py' from 'C:\\PROJETOS\\Atleta\\.venv-painel\\lib\\site-packages\\PyInstaller\\hooks\\pre_find_module_path'
12414 INFO: TclTkInfo: initializing cached Tcl/Tk info...
13195 INFO: Processing standard module hook 'hook-_tkinter.py' from 'C:\\PROJETOS\\Atleta\\.venv-painel\\lib\\site-packages\\PyInstaller\\hooks'
13371 INFO: Processing standard module hook 'hook-webbrowser.py' from 'C:\\PROJETOS\\Atleta\\.venv-painel\\lib\\site-packages\\PyInstaller\\hooks'
13731 INFO: Processing standard module hook 'hook-multiprocessing.util.py' from 'C:\\PROJETOS\\Atleta\\.venv-painel\\lib\\site-packages\\PyInstaller\\hooks'
14254 INFO: Processing standard module hook 'hook-xml.py' from 'C:\\PROJETOS\\Atleta\\.venv-painel\\lib\\site-packages\\PyInstaller\\hooks'
15280 INFO: Processing standard module hook 'hook-platform.py' from 'C:\\PROJETOS\\Atleta\\.venv-painel\\lib\\site-packages\\PyInstaller\\hooks'
15381 INFO: Processing standard module hook 'hook-bcrypt.py' from 'C:\\PROJETOS\\Atleta\\.venv-painel\\lib\\site-packages\\_pyinstaller_hooks_contrib\\stdhooks'
15947 INFO: Processing standard module hook 'hook-cryptography.py' from 'C:\\PROJETOS\\Atleta\\.venv-painel\\lib\\site-packages\\_pyinstaller_hooks_contrib\\stdhooks'
18113 INFO: hook-cryptography: cryptography does not seem to be using dynamically linked OpenSSL.
19580 INFO: Processing module hooks (post-graph stage)...
20494 INFO: Processing standard module hook 'hook-_tkinter.py' from 'C:\\PROJETOS\\Atleta\\.venv-painel\\lib\\site-packages\\PyInstaller\\hooks'
20610 INFO: Performing binary vs. data reclassification (940 entries)
29687 INFO: Looking for ctypes DLLs
29709 WARNING: Ignoring /System/Library/Frameworks/CoreFoundation.framework/CoreFoundation imported from C:\PROJETOS\Atleta\.venv-painel\lib\site-packages\serial\tools\list_ports_osx.py - only basenames are supported with ctypes imports!
29709 WARNING: Ignoring /System/Library/Frameworks/IOKit.framework/IOKit imported from C:\PROJETOS\Atleta\.venv-painel\lib\site-packages\serial\tools\list_ports_osx.py - only basenames are supported with ctypes imports!
29714 INFO: Analyzing run-time hooks ...
29717 INFO: Including run-time hook 'pyi_rth_inspect.py' from 'C:\\PROJETOS\\Atleta\\.venv-painel\\lib\\site-packages\\PyInstaller\\hooks\\rthooks'
29730 INFO: Including run-time hook 'pyi_rth_cryptography_openssl.py' from 'C:\\PROJETOS\\Atleta\\.venv-painel\\lib\\site-packages\\_pyinstaller_hooks_contrib\\rthooks'
29746 INFO: Including run-time hook 'pyi_rth_pkgutil.py' from 'C:\\PROJETOS\\Atleta\\.venv-painel\\lib\\site-packages\\PyInstaller\\hooks\\rthooks'
29761 INFO: Including run-time hook 'pyi_rth_multiprocessing.py' from 'C:\\PROJETOS\\Atleta\\.venv-painel\\lib\\site-packages\\PyInstaller\\hooks\\rthooks'
29778 INFO: Including run-time hook 'pyi_rth__tkinter.py' from 'C:\\PROJETOS\\Atleta\\.venv-painel\\lib\\site-packages\\PyInstaller\\hooks\\rthooks'
29893 INFO: Creating base_library.zip...
29930 INFO: Looking for dynamic libraries
30384 INFO: Extra DLL search directories (AddDllDirectory): []
30384 INFO: Extra DLL search directories (PATH): []
31599 INFO: Warnings written to C:\PROJETOS\Atleta\laboratorio\painel\build\pyinstaller\PainelIP\warn-PainelIP.txt
31687 INFO: Graph cross-reference written to C:\PROJETOS\Atleta\laboratorio\painel\build\pyinstaller\PainelIP\xref-PainelIP.html
31870 INFO: checking PYZ
31871 INFO: Building PYZ because PYZ-00.toc is non existent
31871 INFO: Building PYZ (ZlibArchive) C:\PROJETOS\Atleta\laboratorio\painel\build\pyinstaller\PainelIP\PYZ-00.pyz
32169 INFO: Building PYZ (ZlibArchive) C:\PROJETOS\Atleta\laboratorio\painel\build\pyinstaller\PainelIP\PYZ-00.pyz completed successfully.
32233 INFO: checking PKG
32233 INFO: Building PKG because PKG-00.toc is non existent
32233 INFO: Building PKG (CArchive) PainelIP.pkg
37529 INFO: Building PKG (CArchive) PainelIP.pkg completed successfully.
37567 INFO: Bootloader C:\PROJETOS\Atleta\.venv-painel\lib\site-packages\PyInstaller\bootloader\Windows-64bit-intel\runw.exe
37567 INFO: checking EXE
37567 INFO: Building EXE because EXE-00.toc is non existent
37567 INFO: Building EXE from EXE-00.toc
37569 INFO: Copying bootloader EXE to C:\PROJETOS\Atleta\laboratorio\entrega\PainelIP.exe
37652 INFO: Copying icon to EXE
37694 INFO: Copying 0 resources to EXE
37694 INFO: Embedding manifest in EXE
37737 INFO: Appending PKG archive to EXE
37802 INFO: Fixing EXE headers
38179 INFO: Building EXE from EXE-00.toc completed successfully.
38220 INFO: Build complete! The results are available in: C:\PROJETOS\Atleta\laboratorio\entrega
